// Jest Snapshot v1, https://goo.gl/fbAQLP

exports[`Auth component matches snapshot 1`] = `
<div>
  <BGVideo
    dark={true}
    url="/assets/video/bgvid.mp4"
  />
  <withRouter(FormModal)
    isRequesting={false}
    login={[Function]}
    register={[Function]}
  />
</div>
`;
