// Jest Snapshot v1, https://goo.gl/fbAQLP

exports[`Site component matches snapshot 1`] = `<Route />`;
