// Jest Snapshot v1, https://goo.gl/fbAQLP

exports[`Login component matches snapshot 1`] = `
<BaseForm>
  <Formik
    component={[Function]}
    enableReinitialize={false}
    initialValues={
      Object {
        "email": "",
        "password": "",
      }
    }
    isInitialValid={false}
    onSubmit={[Function]}
    validateOnBlur={true}
    validateOnChange={true}
    validationSchema={
      ObjectSchema {
        "_blacklist": RefSet {
          "list": Set {},
          "refs": Map {},
        },
        "_conditions": Array [],
        "_defaultDefault": [Function],
        "_deps": Array [],
        "_excludedEdges": Array [],
        "_exclusive": Object {},
        "_mutate": false,
        "_nodes": Array [
          "password",
          "email",
        ],
        "_options": Object {
          "abortEarly": true,
          "recursive": true,
        },
        "_type": "object",
        "_typeError": [Function],
        "_whitelist": RefSet {
          "list": Set {},
          "refs": Map {},
        },
        "fields": Object {
          "email": StringSchema {
            "_blacklist": RefSet {
              "list": Set {},
              "refs": Map {},
            },
            "_conditions": Array [],
            "_deps": Array [],
            "_exclusive": Object {
              "required": false,
              "undefined": false,
            },
            "_mutate": false,
            "_options": Object {
              "abortEarly": true,
              "recursive": true,
            },
            "_type": "string",
            "_typeError": [Function],
            "_whitelist": RefSet {
              "list": Set {},
              "refs": Map {},
            },
            "tests": Array [
              [Function],
              [Function],
              [Function],
            ],
            "transforms": Array [
              [Function],
            ],
          },
          "password": StringSchema {
            "_blacklist": RefSet {
              "list": Set {},
              "refs": Map {},
            },
            "_conditions": Array [],
            "_deps": Array [],
            "_exclusive": Object {
              "required": false,
            },
            "_mutate": false,
            "_options": Object {
              "abortEarly": true,
              "recursive": true,
            },
            "_type": "string",
            "_typeError": [Function],
            "_whitelist": RefSet {
              "list": Set {},
              "refs": Map {},
            },
            "tests": Array [
              [Function],
              [Function],
            ],
            "transforms": Array [
              [Function],
            ],
          },
        },
        "tests": Array [],
        "transforms": Array [
          [Function],
        ],
      }
    }
  />
</BaseForm>
`;
