// Jest Snapshot v1, https://goo.gl/fbAQLP

exports[`The playerlist! matches snapshot 1`] = `<[object Object] />`;
