// Jest Snapshot v1, https://goo.gl/fbAQLP

exports[`Button component matches snapshot 1`] = `
<ButtonStyled>
  Submit
</ButtonStyled>
`;
