// Jest Snapshot v1, https://goo.gl/fbAQLP

exports[`Text component matches snapshot 1`] = `
<TextStyled>
  Text!
</TextStyled>
`;
